Jun 26, 2025 12:50:43 PM org.apache.catalina.core.ApplicationContext log
INFO: ContextListener: contextInitialized()
Jun 26, 2025 12:50:43 PM org.apache.catalina.core.ApplicationContext log
INFO: SessionListener: contextInitialized()
Jun 26, 2025 12:50:43 PM org.apache.catalina.core.ApplicationContext log
INFO: ContextListener: attributeAdded('org.apache.jasper.compiler.TldLocationsCache', 'org.apache.jasper.compiler.TldLocationsCache@461519eb')
Jun 26, 2025 12:50:57 PM org.apache.catalina.core.ApplicationContext log
INFO: No Spring WebApplicationInitializer types detected on classpath
Jun 26, 2025 12:50:58 PM org.apache.catalina.core.ApplicationContext log
INFO: Initializing Spring root WebApplicationContext
Jun 26, 2025 12:51:23 PM org.apache.catalina.core.ApplicationContext log
INFO: No Spring WebApplicationInitializer types detected on classpath
Jun 26, 2025 12:51:24 PM org.apache.catalina.core.ApplicationContext log
INFO: Initializing Spring root WebApplicationContext
Jun 26, 2025 12:51:44 PM org.apache.catalina.core.ApplicationContext log
INFO: SessionListener: contextDestroyed()
Jun 26, 2025 12:51:44 PM org.apache.catalina.core.ApplicationContext log
INFO: ContextListener: contextDestroyed()
Jun 26, 2025 12:51:44 PM org.apache.catalina.core.ApplicationContext log
INFO: Closing Spring root WebApplicationContext
Jun 26, 2025 12:51:44 PM org.apache.catalina.core.ApplicationContext log
INFO: Closing Spring root WebApplicationContext
Jun 26, 2025 12:52:19 PM org.apache.catalina.core.ApplicationContext log
INFO: ContextListener: contextInitialized()
Jun 26, 2025 12:52:19 PM org.apache.catalina.core.ApplicationContext log
INFO: SessionListener: contextInitialized()
Jun 26, 2025 12:52:19 PM org.apache.catalina.core.ApplicationContext log
INFO: ContextListener: attributeAdded('org.apache.jasper.compiler.TldLocationsCache', 'org.apache.jasper.compiler.TldLocationsCache@31361517')
Jun 26, 2025 12:52:33 PM org.apache.catalina.core.ApplicationContext log
INFO: No Spring WebApplicationInitializer types detected on classpath
Jun 26, 2025 12:52:34 PM org.apache.catalina.core.ApplicationContext log
INFO: Initializing Spring root WebApplicationContext
Jun 26, 2025 12:53:17 PM org.apache.catalina.core.ApplicationContext log
INFO: No Spring WebApplicationInitializer types detected on classpath
Jun 26, 2025 12:53:17 PM org.apache.catalina.core.ApplicationContext log
INFO: Initializing Spring root WebApplicationContext
Jun 26, 2025 1:57:05 PM org.apache.catalina.core.ApplicationContext log
INFO: ContextListener: contextInitialized()
Jun 26, 2025 1:57:05 PM org.apache.catalina.core.ApplicationContext log
INFO: SessionListener: contextInitialized()
Jun 26, 2025 1:57:05 PM org.apache.catalina.core.ApplicationContext log
INFO: ContextListener: attributeAdded('org.apache.jasper.compiler.TldLocationsCache', 'org.apache.jasper.compiler.TldLocationsCache@1a910fa5')
Jun 26, 2025 1:57:45 PM org.apache.catalina.core.ApplicationContext log
INFO: No Spring WebApplicationInitializer types detected on classpath
Jun 26, 2025 1:57:45 PM org.apache.catalina.core.ApplicationContext log
INFO: Initializing Spring root WebApplicationContext
Jun 26, 2025 1:58:52 PM org.apache.catalina.core.ApplicationContext log
INFO: No Spring WebApplicationInitializer types detected on classpath
Jun 26, 2025 1:58:55 PM org.apache.catalina.core.ApplicationContext log
INFO: Initializing Spring root WebApplicationContext
Jun 26, 2025 2:11:14 PM org.apache.catalina.core.ApplicationContext log
INFO: SessionListener: contextDestroyed()
Jun 26, 2025 2:11:14 PM org.apache.catalina.core.ApplicationContext log
INFO: ContextListener: contextDestroyed()
Jun 26, 2025 2:11:14 PM org.apache.catalina.core.ApplicationContext log
INFO: Closing Spring root WebApplicationContext
Jun 26, 2025 2:11:15 PM org.apache.catalina.core.ApplicationContext log
INFO: Closing Spring root WebApplicationContext
Jun 26, 2025 2:24:48 PM org.apache.catalina.core.ApplicationContext log
INFO: ContextListener: contextInitialized()
Jun 26, 2025 2:24:48 PM org.apache.catalina.core.ApplicationContext log
INFO: SessionListener: contextInitialized()
Jun 26, 2025 2:24:48 PM org.apache.catalina.core.ApplicationContext log
INFO: ContextListener: attributeAdded('org.apache.jasper.compiler.TldLocationsCache', 'org.apache.jasper.compiler.TldLocationsCache@26c402c5')
Jun 26, 2025 2:25:07 PM org.apache.catalina.core.ApplicationContext log
INFO: No Spring WebApplicationInitializer types detected on classpath
Jun 26, 2025 2:25:07 PM org.apache.catalina.core.ApplicationContext log
INFO: Initializing Spring root WebApplicationContext
Jun 26, 2025 2:25:46 PM org.apache.catalina.core.ApplicationContext log
INFO: No Spring WebApplicationInitializer types detected on classpath
Jun 26, 2025 2:25:46 PM org.apache.catalina.core.ApplicationContext log
INFO: Initializing Spring root WebApplicationContext
Jun 26, 2025 3:39:42 PM org.apache.catalina.core.ApplicationContext log
INFO: SessionListener: contextDestroyed()
Jun 26, 2025 3:39:42 PM org.apache.catalina.core.ApplicationContext log
INFO: ContextListener: contextDestroyed()
Jun 26, 2025 3:39:42 PM org.apache.catalina.core.ApplicationContext log
INFO: Closing Spring root WebApplicationContext
Jun 26, 2025 3:39:43 PM org.apache.catalina.core.ApplicationContext log
INFO: Closing Spring root WebApplicationContext
Jun 26, 2025 3:44:19 PM org.apache.catalina.core.ApplicationContext log
INFO: ContextListener: contextInitialized()
Jun 26, 2025 3:44:19 PM org.apache.catalina.core.ApplicationContext log
INFO: SessionListener: contextInitialized()
Jun 26, 2025 3:44:19 PM org.apache.catalina.core.ApplicationContext log
INFO: ContextListener: attributeAdded('org.apache.jasper.compiler.TldLocationsCache', 'org.apache.jasper.compiler.TldLocationsCache@461519eb')
Jun 26, 2025 3:44:25 PM org.apache.catalina.core.ApplicationContext log
INFO: No Spring WebApplicationInitializer types detected on classpath
Jun 26, 2025 3:44:25 PM org.apache.catalina.core.ApplicationContext log
INFO: Initializing Spring root WebApplicationContext
Jun 26, 2025 3:44:39 PM org.apache.catalina.core.ApplicationContext log
INFO: No Spring WebApplicationInitializer types detected on classpath
Jun 26, 2025 3:44:40 PM org.apache.catalina.core.ApplicationContext log
INFO: Initializing Spring root WebApplicationContext
Jun 26, 2025 5:56:53 PM org.apache.catalina.core.ApplicationContext log
INFO: SessionListener: contextDestroyed()
Jun 26, 2025 5:56:53 PM org.apache.catalina.core.ApplicationContext log
INFO: ContextListener: contextDestroyed()
Jun 26, 2025 5:56:53 PM org.apache.catalina.core.ApplicationContext log
INFO: Closing Spring root WebApplicationContext
Jun 26, 2025 5:56:55 PM org.apache.catalina.core.ApplicationContext log
INFO: Closing Spring root WebApplicationContext
